------------------------------------------------------------
TimeQuest Timing Analyzer Summary
------------------------------------------------------------

Type  : Slow 1100mV 85C Model Setup 'impix_system:impix_system_inst|impix_system_hps_0:hps_0|impix_system_hps_0_hps_io:hps_io|impix_system_hps_0_hps_io_border:border|hps_sdram:hps_sdram_inst|hps_sdram_pll:pll|afi_clk_write_clk'
Slack : 1.730
TNS   : 0.000

Type  : Slow 1100mV 85C Model Setup 'altera_reserved_tck'
Slack : 12.815
TNS   : 0.000

Type  : Slow 1100mV 85C Model Hold 'impix_system:impix_system_inst|impix_system_hps_0:hps_0|impix_system_hps_0_hps_io:hps_io|impix_system_hps_0_hps_io_border:border|hps_sdram:hps_sdram_inst|hps_sdram_pll:pll|afi_clk_write_clk'
Slack : 0.143
TNS   : 0.000

Type  : Slow 1100mV 85C Model Hold 'altera_reserved_tck'
Slack : 0.486
TNS   : 0.000

Type  : Slow 1100mV 85C Model Recovery 'impix_system:impix_system_inst|impix_system_hps_0:hps_0|impix_system_hps_0_hps_io:hps_io|impix_system_hps_0_hps_io_border:border|hps_sdram:hps_sdram_inst|hps_sdram_pll:pll|afi_clk_write_clk'
Slack : 3.375
TNS   : 0.000

Type  : Slow 1100mV 85C Model Recovery 'altera_reserved_tck'
Slack : 14.857
TNS   : 0.000

Type  : Slow 1100mV 85C Model Removal 'impix_system:impix_system_inst|impix_system_hps_0:hps_0|impix_system_hps_0_hps_io:hps_io|impix_system_hps_0_hps_io_border:border|hps_sdram:hps_sdram_inst|hps_sdram_pll:pll|afi_clk_write_clk'
Slack : 0.470
TNS   : 0.000

Type  : Slow 1100mV 85C Model Removal 'altera_reserved_tck'
Slack : 0.808
TNS   : 0.000

Type  : Slow 1100mV 85C Model Minimum Pulse Width 'impix_system:impix_system_inst|impix_system_hps_0:hps_0|impix_system_hps_0_hps_io:hps_io|impix_system_hps_0_hps_io_border:border|hps_sdram:hps_sdram_inst|hps_sdram_pll:pll|pll_write_clk_dq_write_clk'
Slack : 0.608
TNS   : 0.000

Type  : Slow 1100mV 85C Model Minimum Pulse Width 'impix_system:impix_system_inst|impix_system_hps_0:hps_0|impix_system_hps_0_hps_io:hps_io|impix_system_hps_0_hps_io_border:border|hps_sdram:hps_sdram_inst|hps_sdram_pll:pll|afi_clk_write_clk'
Slack : 0.623
TNS   : 0.000

Type  : Slow 1100mV 85C Model Minimum Pulse Width 'altera_reserved_tck'
Slack : 15.612
TNS   : 0.000

Type  : Slow 1100mV 0C Model Setup 'impix_system:impix_system_inst|impix_system_hps_0:hps_0|impix_system_hps_0_hps_io:hps_io|impix_system_hps_0_hps_io_border:border|hps_sdram:hps_sdram_inst|hps_sdram_pll:pll|afi_clk_write_clk'
Slack : 1.727
TNS   : 0.000

Type  : Slow 1100mV 0C Model Setup 'altera_reserved_tck'
Slack : 12.846
TNS   : 0.000

Type  : Slow 1100mV 0C Model Hold 'impix_system:impix_system_inst|impix_system_hps_0:hps_0|impix_system_hps_0_hps_io:hps_io|impix_system_hps_0_hps_io_border:border|hps_sdram:hps_sdram_inst|hps_sdram_pll:pll|afi_clk_write_clk'
Slack : 0.162
TNS   : 0.000

Type  : Slow 1100mV 0C Model Hold 'altera_reserved_tck'
Slack : 0.466
TNS   : 0.000

Type  : Slow 1100mV 0C Model Recovery 'impix_system:impix_system_inst|impix_system_hps_0:hps_0|impix_system_hps_0_hps_io:hps_io|impix_system_hps_0_hps_io_border:border|hps_sdram:hps_sdram_inst|hps_sdram_pll:pll|afi_clk_write_clk'
Slack : 3.468
TNS   : 0.000

Type  : Slow 1100mV 0C Model Recovery 'altera_reserved_tck'
Slack : 14.936
TNS   : 0.000

Type  : Slow 1100mV 0C Model Removal 'impix_system:impix_system_inst|impix_system_hps_0:hps_0|impix_system_hps_0_hps_io:hps_io|impix_system_hps_0_hps_io_border:border|hps_sdram:hps_sdram_inst|hps_sdram_pll:pll|afi_clk_write_clk'
Slack : 0.460
TNS   : 0.000

Type  : Slow 1100mV 0C Model Removal 'altera_reserved_tck'
Slack : 0.753
TNS   : 0.000

Type  : Slow 1100mV 0C Model Minimum Pulse Width 'impix_system:impix_system_inst|impix_system_hps_0:hps_0|impix_system_hps_0_hps_io:hps_io|impix_system_hps_0_hps_io_border:border|hps_sdram:hps_sdram_inst|hps_sdram_pll:pll|pll_write_clk_dq_write_clk'
Slack : 0.613
TNS   : 0.000

Type  : Slow 1100mV 0C Model Minimum Pulse Width 'impix_system:impix_system_inst|impix_system_hps_0:hps_0|impix_system_hps_0_hps_io:hps_io|impix_system_hps_0_hps_io_border:border|hps_sdram:hps_sdram_inst|hps_sdram_pll:pll|afi_clk_write_clk'
Slack : 0.630
TNS   : 0.000

Type  : Slow 1100mV 0C Model Minimum Pulse Width 'altera_reserved_tck'
Slack : 15.589
TNS   : 0.000

Type  : Fast 1100mV 85C Model Setup 'impix_system:impix_system_inst|impix_system_hps_0:hps_0|impix_system_hps_0_hps_io:hps_io|impix_system_hps_0_hps_io_border:border|hps_sdram:hps_sdram_inst|hps_sdram_pll:pll|afi_clk_write_clk'
Slack : 2.110
TNS   : 0.000

Type  : Fast 1100mV 85C Model Setup 'altera_reserved_tck'
Slack : 14.756
TNS   : 0.000

Type  : Fast 1100mV 85C Model Hold 'impix_system:impix_system_inst|impix_system_hps_0:hps_0|impix_system_hps_0_hps_io:hps_io|impix_system_hps_0_hps_io_border:border|hps_sdram:hps_sdram_inst|hps_sdram_pll:pll|afi_clk_write_clk'
Slack : 0.084
TNS   : 0.000

Type  : Fast 1100mV 85C Model Hold 'altera_reserved_tck'
Slack : 0.189
TNS   : 0.000

Type  : Fast 1100mV 85C Model Recovery 'impix_system:impix_system_inst|impix_system_hps_0:hps_0|impix_system_hps_0_hps_io:hps_io|impix_system_hps_0_hps_io_border:border|hps_sdram:hps_sdram_inst|hps_sdram_pll:pll|afi_clk_write_clk'
Slack : 3.727
TNS   : 0.000

Type  : Fast 1100mV 85C Model Recovery 'altera_reserved_tck'
Slack : 15.900
TNS   : 0.000

Type  : Fast 1100mV 85C Model Removal 'altera_reserved_tck'
Slack : 0.372
TNS   : 0.000

Type  : Fast 1100mV 85C Model Removal 'impix_system:impix_system_inst|impix_system_hps_0:hps_0|impix_system_hps_0_hps_io:hps_io|impix_system_hps_0_hps_io_border:border|hps_sdram:hps_sdram_inst|hps_sdram_pll:pll|afi_clk_write_clk'
Slack : 0.497
TNS   : 0.000

Type  : Fast 1100mV 85C Model Minimum Pulse Width 'impix_system:impix_system_inst|impix_system_hps_0:hps_0|impix_system_hps_0_hps_io:hps_io|impix_system_hps_0_hps_io_border:border|hps_sdram:hps_sdram_inst|hps_sdram_pll:pll|pll_write_clk_dq_write_clk'
Slack : 0.883
TNS   : 0.000

Type  : Fast 1100mV 85C Model Minimum Pulse Width 'impix_system:impix_system_inst|impix_system_hps_0:hps_0|impix_system_hps_0_hps_io:hps_io|impix_system_hps_0_hps_io_border:border|hps_sdram:hps_sdram_inst|hps_sdram_pll:pll|afi_clk_write_clk'
Slack : 0.891
TNS   : 0.000

Type  : Fast 1100mV 85C Model Minimum Pulse Width 'altera_reserved_tck'
Slack : 15.495
TNS   : 0.000

Type  : Fast 1100mV 0C Model Setup 'impix_system:impix_system_inst|impix_system_hps_0:hps_0|impix_system_hps_0_hps_io:hps_io|impix_system_hps_0_hps_io_border:border|hps_sdram:hps_sdram_inst|hps_sdram_pll:pll|afi_clk_write_clk'
Slack : 2.110
TNS   : 0.000

Type  : Fast 1100mV 0C Model Setup 'altera_reserved_tck'
Slack : 15.009
TNS   : 0.000

Type  : Fast 1100mV 0C Model Hold 'impix_system:impix_system_inst|impix_system_hps_0:hps_0|impix_system_hps_0_hps_io:hps_io|impix_system_hps_0_hps_io_border:border|hps_sdram:hps_sdram_inst|hps_sdram_pll:pll|afi_clk_write_clk'
Slack : 0.077
TNS   : 0.000

Type  : Fast 1100mV 0C Model Hold 'altera_reserved_tck'
Slack : 0.183
TNS   : 0.000

Type  : Fast 1100mV 0C Model Recovery 'impix_system:impix_system_inst|impix_system_hps_0:hps_0|impix_system_hps_0_hps_io:hps_io|impix_system_hps_0_hps_io_border:border|hps_sdram:hps_sdram_inst|hps_sdram_pll:pll|afi_clk_write_clk'
Slack : 3.825
TNS   : 0.000

Type  : Fast 1100mV 0C Model Recovery 'altera_reserved_tck'
Slack : 16.088
TNS   : 0.000

Type  : Fast 1100mV 0C Model Removal 'altera_reserved_tck'
Slack : 0.326
TNS   : 0.000

Type  : Fast 1100mV 0C Model Removal 'impix_system:impix_system_inst|impix_system_hps_0:hps_0|impix_system_hps_0_hps_io:hps_io|impix_system_hps_0_hps_io_border:border|hps_sdram:hps_sdram_inst|hps_sdram_pll:pll|afi_clk_write_clk'
Slack : 0.473
TNS   : 0.000

Type  : Fast 1100mV 0C Model Minimum Pulse Width 'impix_system:impix_system_inst|impix_system_hps_0:hps_0|impix_system_hps_0_hps_io:hps_io|impix_system_hps_0_hps_io_border:border|hps_sdram:hps_sdram_inst|hps_sdram_pll:pll|pll_write_clk_dq_write_clk'
Slack : 0.887
TNS   : 0.000

Type  : Fast 1100mV 0C Model Minimum Pulse Width 'impix_system:impix_system_inst|impix_system_hps_0:hps_0|impix_system_hps_0_hps_io:hps_io|impix_system_hps_0_hps_io_border:border|hps_sdram:hps_sdram_inst|hps_sdram_pll:pll|afi_clk_write_clk'
Slack : 0.894
TNS   : 0.000

Type  : Fast 1100mV 0C Model Minimum Pulse Width 'altera_reserved_tck'
Slack : 15.468
TNS   : 0.000

------------------------------------------------------------
Info: see the "DDR report" for DDR timing results
------------------------------------------------------------
------------------------------------------------------------
